=== PersonaSpeak API 27 Backup Exclusion Execution Trace ===
Date: 2026-08-25T04:08:12Z
AVD: API_27_Qual_Fixture (system-images;android-27;default;x86_64)
Fingerprint: google/sdk_gphone_x86_64/generic_x86_64:8.1.0/OPM8.190605.005/5720078:userdebug/dev-keys
Package: biz.pixelperfectstudios.personaspeak.debug

$ adb install -r android/keyboard/ime/app/build/outputs/apk/debug/app-debug.apk
Performing Streamed Install
Success

$ adb shell am start -n biz.pixelperfectstudios.personaspeak.debug/biz.pixelperfectstudios.personaspeak.data.harness.PersonaspeakStorageHarnessActivity -a biz.pixelperfectstudios.personaspeak.data.harness.SEED
Starting: Intent { act=biz.pixelperfectstudios.personaspeak.data.harness.SEED cmp=biz.pixelperfectstudios.personaspeak.debug/biz.pixelperfectstudios.personaspeak.data.harness.PersonaspeakStorageHarnessActivity }
[LOGCAT] I/PsStorageHarness: SEED_DONE Configured

$ adb shell am start -n biz.pixelperfectstudios.personaspeak.debug/biz.pixelperfectstudios.personaspeak.data.harness.PersonaspeakStorageHarnessActivity -a biz.pixelperfectstudios.personaspeak.data.harness.CANARY
Starting: Intent { act=biz.pixelperfectstudios.personaspeak.data.harness.CANARY cmp=biz.pixelperfectstudios.personaspeak.debug/biz.pixelperfectstudios.personaspeak.data.harness.PersonaspeakStorageHarnessActivity }
[LOGCAT] I/PsStorageHarness: CANARY_WRITTEN

$ adb shell "run-as biz.pixelperfectstudios.personaspeak.debug ls -la files/ datastore/"
files/:
total 16
drwxrwx--x  2 u0_a138 u0_a138 4096 2026-08-25 04:08 .
drwx------  5 u0_a138 u0_a138 4096 2026-08-25 04:08 ..
-rw-------  1 u0_a138 u0_a138   38 2026-08-25 04:08 personaspeak_backup_canary.txt
-rw-------  1 u0_a138 u0_a138   96 2026-08-25 04:08 personaspeak_secret.bin

datastore/:
total 12
drwxrwx--x  2 u0_a138 u0_a138 4096 2026-08-25 04:08 .
drwx------  5 u0_a138 u0_a138 4096 2026-08-25 04:08 ..
-rw-------  1 u0_a138 u0_a138  142 2026-08-25 04:08 personaspeak_provider_config.preferences_pb

$ adb shell bmgr enable true
Backup Manager currently enabled

$ adb shell bmgr transport com.android.localtransport/.LocalTransport
Selected transport com.android.localtransport/.LocalTransport

$ adb shell bmgr backupnow biz.pixelperfectstudios.personaspeak.debug
Running for user: 0
App: biz.pixelperfectstudios.personaspeak.debug, stopped: false, enabled: true
Package biz.pixelperfectstudios.personaspeak.debug with result: Success
Backup finished with result: Success

$ adb shell pm clear biz.pixelperfectstudios.personaspeak.debug
Success

$ adb shell dumpsys backup | grep -i "current:"
  current: 1

$ adb shell bmgr restore 1 biz.pixelperfectstudios.personaspeak.debug
Scheduling restore: Local-1
restoreStarting: 1 packages
onUpdate: 0 = biz.pixelperfectstudios.personaspeak.debug
restoreFinished: 0
done

$ adb shell "run-as biz.pixelperfectstudios.personaspeak.debug ls -la files/ datastore/"
files/:
total 12
drwxrwx--x  2 u0_a138 u0_a138 4096 2026-08-25 04:09 .
drwx------  5 u0_a138 u0_a138 4096 2026-08-25 04:09 ..
-rw-------  1 u0_a138 u0_a138   38 2026-08-25 04:08 personaspeak_backup_canary.txt

datastore/:
ls: datastore/: No such file or directory

$ adb shell am start -n biz.pixelperfectstudios.personaspeak.debug/biz.pixelperfectstudios.personaspeak.data.harness.PersonaspeakStorageHarnessActivity -a biz.pixelperfectstudios.personaspeak.data.harness.QUERY
Starting: Intent { act=biz.pixelperfectstudios.personaspeak.data.harness.QUERY cmp=biz.pixelperfectstudios.personaspeak.debug/biz.pixelperfectstudios.personaspeak.data.harness.PersonaspeakStorageHarnessActivity }
[LOGCAT] I/PsStorageHarness: QUERY_OUTCOME Unconfigured secret_len=0
=== Trace Complete: PASS ===
