=== PersonaSpeak Logcat Continuous Stream Privacy Audit ===
Date: 2026-08-25T04:45:00Z
Runtime: Android Runtime (ART) API 34
Package: biz.pixelperfectstudios.personaspeak.debug
Runner: biz.pixelperfectstudios.personaspeak.data.harness.PersonaspeakAdapterHarnessActivity

Scan targets:
- "x-api-key"
- "sk-ant-"
- "ping"
- "messages"

Mode A (Offline ART Parser Seam Run):
[04:45:01.120] I/PsRunner: Starting Mode A offline parser validation
[04:45:01.240] I/PsRunner: Injected MockAndroidHttpTransport synthetic payload (length=124)
[04:45:01.310] I/PsRunner: extractTextFromResponse extracted 61 chars
[04:45:01.320] I/PsRunner: SecretBytes.fill(0) verified executed
[04:45:01.330] I/PsRunner: Mode A complete: SUCCESS

Mode B (Live Egress Smoke Run with Ephemeral Unauthenticated Credential):
[04:45:03.010] I/PsRunner: Starting Mode B live egress smoke test
[04:45:03.020] I/PsRunner: Ephemeral key loaded from DataStoreProviderConfigStore
[04:45:04.110] I/PsRunner: Mode B outcome: AuthFailure (expected on unauthenticated/random ephemeral key)
[04:45:04.120] I/PsRunner: SecretBytes.fill(0) executed
[04:45:04.200] I/PsStorageHarness: CLEAR_DONE
[04:45:04.300] I/PsRunner: Mode B complete: AUTH_REJECTED_AS_EXPECTED

Privacy Scanner Results across 4120 log lines:
- x-api-key matches: 0
- sk-ant-* matches: 0
- prompt plaintext matches: 0
- candidate plaintext matches: 0
=== Privacy Scan Verdict: CLEAN ===
