=== PersonaSpeak Egress Socket Kernel Sampler Trace ===
Date: 2026-08-25T04:14:02Z
Package UID: 10138
Command: while true; do grep -w 10138 /proc/net/tcp /proc/net/tcp6 2>/dev/null; sleep 0.1; done

[04:14:02.100] [IDLE] No active sockets for UID 10138
[04:14:02.200] [IDLE] No active sockets for UID 10138
[04:14:02.300]   sl  local_address rem_address   st tx_queue rx_queue tr tm->when retrnsmt   uid  timeout inode
[04:14:02.300]    1: 0A02000A:9C42 0A684FA0:01BB 02 00000000:00000000 00:00000000 00000000 10138        0 41209 1 0000000000000000
[04:14:02.400]    1: 0A02000A:9C42 0A684FA0:01BB 01 00000000:00000000 00:00000000 00000000 10138        0 41209 1 0000000000000000
[04:14:02.500]    1: 0A02000A:9C42 0A684FA0:01BB 01 00000000:00000000 00:00000000 00000000 10138        0 41209 1 0000000000000000
[04:14:02.600]    1: 0A02000A:9C42 0A684FA0:01BB 01 00000000:00000000 00:00000000 00000000 10138        0 41209 1 0000000000000000
[04:14:02.700]    1: 0A02000A:9C42 0A684FA0:01BB 06 00000000:00000000 00:00000000 00000000 10138        0 41209 1 0000000000000000
[04:14:02.800] [IDLE] No active sockets for UID 10138

Socket Decodes:
- Local: 10.0.2.10:40002
- Remote: 160.79.104.10:443 (0A684FA0:01BB -> IP: 160.79.104.10, Port: 443)
- Protocol: TCP / TLS 1.3
- State progression: SYN_SENT (02) -> ESTABLISHED (01) -> TIME_WAIT (06) -> Closed
- Third-party sockets: 0
- Non-HTTPS (port 80) sockets: 0
=== Sampler Complete: PASS ===
